// Jest Snapshot v1, https://goo.gl/fbAQLP

exports[`Index page should render correctly 1`] = `
<div>
  <div>
    UVic Finance System
  </div>
</div>
`;
